end2end_d1=3_d2=13_r1=3_r2=0_p=0.0005_inj=unitary_b=Y: 35 boards in 3 layers (32 leaf -> 2 router -> 1 root); feasible=True
  stage boards: {'0': 2000, '1': 2000}
   board type    lvl parent D_OUT  RAW  B_up words
       0 leaf      0   1000     7    0    17     1
       1 leaf      0   1000     6    0    15     1
       2 leaf      0   1000     6    4    23     1
       3 leaf      0   1000     6    2    19     1
       4 leaf      0   1000     5    1    15     1
       5 leaf      0   1000     7    0    17     1
       6 leaf      0   1000     6    0    15     1
       7 leaf      0   1000     7    0    17     1
       8 leaf      0   1001    10   10    43     1
       9 leaf      0   1001     7    4    25     1
      10 leaf      0   1001     7    0    17     1
      11 leaf      0   1001     6    0    15     1
      12 leaf      0   1001     6    0    15     1
      13 leaf      0   1001     7    0    17     1
      14 leaf      0   1001     6    0    15     1
      15 leaf      0   1001     7    0    17     1
      16 leaf      0   1000     6    3    21     1
      17 leaf      0   1000     7    2    21     1
      18 leaf      0   1000     5    0    13     1
      19 leaf      0   1000     7    3    23     1
      20 leaf      0   1000     6    0    15     1
      21 leaf      0   1000     6    0    15     1
      22 leaf      0   1000     7    0    17     1
      23 leaf      0   1000     6    3    21     1
      24 leaf      0   1001     6    0    15     1
      25 leaf      0   1001     6    0    15     1
      26 leaf      0   1001     7    0    17     1
      27 leaf      0   1001     6    4    23     1
      28 leaf      0   1001     6    0    15     1
      29 leaf      0   1001     7    3    23     1
      30 leaf      0   1001     6    2    19     1
      31 leaf      0   1001     7    4    25     1
    1000 router    1   2000   101   18   241     4
    1001 router    1   2000   110   21   265     5
    2000 root      2   None    (root)
