end2end_d1=3_d2=15_r1=3_r2=0_p=0.0005_inj=unitary_b=Y: 41 boards in 3 layers (38 leaf -> 2 router -> 1 root); feasible=True
  stage boards: {'0': 2000, '1': 2000}
   board type    lvl parent D_OUT  RAW  B_up words
       0 leaf      0   1000     9    0    21     1
       1 leaf      0   1000     8    0    19     1
       2 leaf      0   1000     7    6    29     1
       3 leaf      0   1000     8    0    19     1
       4 leaf      0   1000     8    1    21     1
       5 leaf      0   1000     7    0    17     1
       6 leaf      0   1000     8    0    19     1
       7 leaf      0   1000     5    0    13     1
       8 leaf      0   1000     5    0    13     1
       9 leaf      0   1001    14    8    47     1
      10 leaf      0   1001     8    0    19     1
      11 leaf      0   1001     7    0    17     1
      12 leaf      0   1001     5    0    13     1
      13 leaf      0   1000     5    0    13     1
      14 leaf      0   1001     9    0    21     1
      15 leaf      0   1001     8    0    19     1
      16 leaf      0   1001     8    0    19     1
      17 leaf      0   1001     5    0    13     1
      18 leaf      0   1001     5    0    13     1
      19 leaf      0   1000     8    4    27     1
      20 leaf      0   1000     8    2    23     1
      21 leaf      0   1000     8    0    19     1
      22 leaf      0   1000     8    3    25     1
      23 leaf      0   1000     7    0    17     1
      24 leaf      0   1000     9    0    21     1
      25 leaf      0   1000     8    0    19     1
      26 leaf      0   1000     4    3    17     1
      27 leaf      0   1000     5    1    15     1
      28 leaf      0   1001     8    0    19     1
      29 leaf      0   1001     8    0    19     1
      30 leaf      0   1001     8    0    19     1
      31 leaf      0   1001     5    0    13     1
      32 leaf      0   1001     4    4    19     1
      33 leaf      0   1001     8    0    19     1
      34 leaf      0   1001     8    4    27     1
      35 leaf      0   1001     8    2    23     1
      36 leaf      0   1001     5    2    17     1
      37 leaf      0   1001     5    3    19     1
    1000 router    1   2000   136   20   315     5
    1001 router    1   2000   137   23   323     6
    2000 root      2   None    (root)
