end2end_d1=5_d2=11_r1=5_r2=0_p=0.0007_inj=unitary_b=Y: 35 boards in 3 layers (32 leaf -> 2 router -> 1 root); feasible=True
  stage boards: {'0': 2000, '1': 2000, '2': 2000}
   board type    lvl parent D_OUT  RAW  B_up words
       0 leaf      0   1000     5    0    13     1
       1 leaf      0   1000     5    0    13     1
       2 leaf      0   1000     5    4    21     1
       3 leaf      0   1000     3    4    17     1
       4 leaf      0   1000     4    1    13     1
       5 leaf      0   1000     5    0    13     1
       6 leaf      0   1000     5    0    13     1
       7 leaf      0   1000     3    4    17     1
       8 leaf      0   1001    10   12    47     1
       9 leaf      0   1001     7   10    37     1
      10 leaf      0   1001     5    6    25     1
      11 leaf      0   1001     8    8    35     1
      12 leaf      0   1001     9    6    33     1
      13 leaf      0   1001     3    2    13     1
      14 leaf      0   1001     5    2    17     1
      15 leaf      0   1001     6    0    15     1
      16 leaf      0   1000     5    2    17     1
      17 leaf      0   1000     5    0    13     1
      18 leaf      0   1000     6    1    17     1
      19 leaf      0   1000     5    3    19     1
      20 leaf      0   1000     5    0    13     1
      21 leaf      0   1000     5    0    13     1
      22 leaf      0   1000     5    0    13     1
      23 leaf      0   1000     4    3    17     1
      24 leaf      0   1001     5    0    13     1
      25 leaf      0   1001     5    0    13     1
      26 leaf      0   1001     5    0    13     1
      27 leaf      0   1001     5    3    19     1
      28 leaf      0   1001     5    0    13     1
      29 leaf      0   1001     5    3    19     1
      30 leaf      0   1001     5    2    17     1
      31 leaf      0   1001     5    3    19     1
    1000 router    1   2000    76   22   199     4
    1001 router    1   2000   111   33   291     5
    2000 root      2   None    (root)
