end2end_d1=5_d2=15_r1=5_r2=0_p=0.0015_inj=unitary_b=Y: 50 boards in 3 layers (47 leaf -> 2 router -> 1 root); feasible=True
  stage boards: {'0': 1000, '1': 1000, '2': 2000}
   board type    lvl parent D_OUT  RAW  B_up words
       0 leaf      0   1000     8    0    19     1
       1 leaf      0   1000     6    8    31     1
       2 leaf      0   1000     8    0    19     1
       3 leaf      0   1000     4    0    11     1
       4 leaf      0   1000     2    6    19     1
       5 leaf      0   1000     8    1    21     1
       6 leaf      0   1000     4    0    11     1
       7 leaf      0   1000     5    0    13     1
       8 leaf      0   1000     8    0    19     1
       9 leaf      0   1000     5    0    13     1
      10 leaf      0   1000     5    0    13     1
      11 leaf      0   1000    18   18    75     2
      12 leaf      0   1000     7    8    33     1
      13 leaf      0   1000     7   10    37     1
      14 leaf      0   1000     9    2    25     1
      15 leaf      0   1000     5    0    13     1
      16 leaf      0   1000     5    0    13     1
      17 leaf      0   1000     7    6    29     1
      18 leaf      0   1000     5    0    13     1
      19 leaf      0   1000     6    0    15     1
      20 leaf      0   1000     8    0    19     1
      21 leaf      0   1000     4    0    11     1
      22 leaf      0   1000     5    0    13     1
      23 leaf      0   1001     8    2    23     1
      24 leaf      0   1001     5    1    15     1
      25 leaf      0   1001     5    3    19     1
      26 leaf      0   1001     8    0    19     1
      27 leaf      0   1001     4    0    11     1
      28 leaf      0   1001     5    3    19     1
      29 leaf      0   1001     8    0    19     1
      30 leaf      0   1001     5    0    13     1
      31 leaf      0   1001     5    0    13     1
      32 leaf      0   1001     8    0    19     1
      33 leaf      0   1001     4    1    13     1
      34 leaf      0   1001     5    3    19     1
      35 leaf      0   1001     8    0    19     1
      36 leaf      0   1001     4    0    11     1
      37 leaf      0   1001     6    0    15     1
      38 leaf      0   1001     8    0    19     1
      39 leaf      0   1001     5    0    13     1
      40 leaf      0   1001     4    4    19     1
      41 leaf      0   1001     8    0    19     1
      42 leaf      0   1001     5    0    13     1
      43 leaf      0   1001     4    4    19     1
      44 leaf      0   1001     8    2    23     1
      45 leaf      0   1001     4    2    15     1
      46 leaf      0   1001     6    3    21     1
    1000 router    1   2000   183    1   371     6
    1001 router    1   2000   141   28   341     6
    2000 root      2   None    (root)
