end2end_d1=3_d2=21_r1=3_r2=0_p=0.0005_inj=unitary_b=Y: 69 boards in 3 layers (64 leaf -> 4 router -> 1 root); feasible=True
  stage boards: {'0': 2000, '1': 2000}
   board type    lvl parent D_OUT  RAW  B_up words
       0 leaf      0   1000     8    0    19     1
       1 leaf      0   1000     7    0    17     1
       2 leaf      0   1000     8    0    19     1
       3 leaf      0   1000     9    0    21     1
       4 leaf      0   1000     8    4    27     1
       5 leaf      0   1000     7    2    21     1
       6 leaf      0   1000     8    0    19     1
       7 leaf      0   1000     8    0    19     1
       8 leaf      0   1000     7    1    19     1
       9 leaf      0   1000     8    0    19     1
      10 leaf      0   1000     8    0    19     1
      11 leaf      0   1000     8    0    19     1
      12 leaf      0   1000     8    0    19     1
      13 leaf      0   1000     8    0    19     1
      14 leaf      0   1000     8    0    19     1
      15 leaf      0   1000     8    0    19     1
      16 leaf      0   1001    13   10    49     1
      17 leaf      0   1001     8    2    23     1
      18 leaf      0   1001     8    0    19     1
      19 leaf      0   1001     8    0    19     1
      20 leaf      0   1001     8    0    19     1
      21 leaf      0   1001     8    0    19     1
      22 leaf      0   1001     8    0    19     1
      23 leaf      0   1001     8    0    19     1
      24 leaf      0   1001     8    0    19     1
      25 leaf      0   1001     8    0    19     1
      26 leaf      0   1001     8    0    19     1
      27 leaf      0   1001     8    0    19     1
      28 leaf      0   1001     8    0    19     1
      29 leaf      0   1001     8    0    19     1
      30 leaf      0   1001     8    0    19     1
      31 leaf      0   1001     8    0    19     1
      32 leaf      0   1002     8    4    27     1
      33 leaf      0   1002     8    2    23     1
      34 leaf      0   1002     8    0    19     1
      35 leaf      0   1002     8    3    25     1
      36 leaf      0   1002     8    0    19     1
      37 leaf      0   1002     7    0    17     1
      38 leaf      0   1002     8    1    21     1
      39 leaf      0   1002     8    3    25     1
      40 leaf      0   1002     7    0    17     1
      41 leaf      0   1002     8    0    19     1
      42 leaf      0   1002     8    0    19     1
      43 leaf      0   1002     8    0    19     1
      44 leaf      0   1002     8    1    21     1
      45 leaf      0   1002     8    0    19     1
      46 leaf      0   1002     8    3    25     1
      47 leaf      0   1002     8    2    23     1
      48 leaf      0   1003     7    0    17     1
      49 leaf      0   1003     9    0    21     1
      50 leaf      0   1003     8    0    19     1
      51 leaf      0   1003     8    0    19     1
      52 leaf      0   1003     7    0    17     1
      53 leaf      0   1003     8    0    19     1
      54 leaf      0   1003     8    1    21     1
      55 leaf      0   1003     8    5    29     1
      56 leaf      0   1003     8    0    19     1
      57 leaf      0   1003     8    0    19     1
      58 leaf      0   1003     8    0    19     1
      59 leaf      0   1003     8    5    29     1
      60 leaf      0   1003     8    0    19     1
      61 leaf      0   1003     8    3    25     1
      62 leaf      0   1003     8    2    23     1
      63 leaf      0   1003     8    5    29     1
    1000 router    1   2000   127    7   271     5
    1001 router    1   2000   135    8   289     5
    1002 router    1   2000   127   19   295     5
    1003 router    1   2000   128   21   301     5
    2000 root      2   None    (root)
