end2end_d1=5_d2=13_r1=5_r2=0_p=0.0005_inj=unitary_b=Y: 35 boards in 3 layers (32 leaf -> 2 router -> 1 root); feasible=True
  stage boards: {'0': 1000, '1': 1000, '2': 2000}
   board type    lvl parent D_OUT  RAW  B_up words
       0 leaf      0   1000     6    0    15     1
       1 leaf      0   1000     7    0    17     1
       2 leaf      0   1000     6    4    23     1
       3 leaf      0   1000     4    6    23     1
       4 leaf      0   1000     6    1    17     1
       5 leaf      0   1000     6    0    15     1
       6 leaf      0   1000     7    0    17     1
       7 leaf      0   1000     5    2    17     1
       8 leaf      0   1000    13   14    57     1
       9 leaf      0   1000     9   12    45     1
      10 leaf      0   1000     9    8    37     1
      11 leaf      0   1000     7    0    17     1
      12 leaf      0   1000     9    8    37     1
      13 leaf      0   1000     8    2    23     1
      14 leaf      0   1000     6    0    15     1
      15 leaf      0   1000     7    0    17     1
      16 leaf      0   1001     7    3    23     1
      17 leaf      0   1001     6    0    15     1
      18 leaf      0   1001     7    1    19     1
      19 leaf      0   1001     6    4    23     1
      20 leaf      0   1001     7    0    17     1
      21 leaf      0   1001     6    0    15     1
      22 leaf      0   1001     7    0    17     1
      23 leaf      0   1001     6    3    21     1
      24 leaf      0   1001     7    0    17     1
      25 leaf      0   1001     6    0    15     1
      26 leaf      0   1001     7    0    17     1
      27 leaf      0   1001     6    4    23     1
      28 leaf      0   1001     7    0    17     1
      29 leaf      0   1001     6    3    21     1
      30 leaf      0   1001     6    2    19     1
      31 leaf      0   1001     7    4    25     1
    1000 router    1   2000   148    1   301     5
    1001 router    1   2000   105   24   261     5
    2000 root      2   None    (root)
