end2end_d1=3_d2=17_r1=3_r2=0_p=0.0015_inj=unitary_b=Y: 69 boards in 3 layers (64 leaf -> 4 router -> 1 root); feasible=True
  stage boards: {'0': 2000, '1': 2000}
   board type    lvl parent D_OUT  RAW  B_up words
       0 leaf      0   1000     6    0    15     1
       1 leaf      0   1000     6    0    15     1
       2 leaf      0   1000     6    4    23     1
       3 leaf      0   1000     4    2    15     1
       4 leaf      0   1000     5    0    13     1
       5 leaf      0   1000     5    0    13     1
       6 leaf      0   1000     6    0    15     1
       7 leaf      0   1000     6    0    15     1
       8 leaf      0   1000     5    1    15     1
       9 leaf      0   1000     6    0    15     1
      10 leaf      0   1000     5    0    13     1
      11 leaf      0   1000     6    0    15     1
      12 leaf      0   1000     6    0    15     1
      13 leaf      0   1000     5    0    13     1
      14 leaf      0   1000     5    0    13     1
      15 leaf      0   1000     6    0    15     1
      16 leaf      0   1001    10    8    39     1
      17 leaf      0   1001     5    4    21     1
      18 leaf      0   1001     6    0    15     1
      19 leaf      0   1001     5    0    13     1
      20 leaf      0   1001     6    0    15     1
      21 leaf      0   1001     5    0    13     1
      22 leaf      0   1001     6    0    15     1
      23 leaf      0   1001     6    0    15     1
      24 leaf      0   1001     6    0    15     1
      25 leaf      0   1001     5    0    13     1
      26 leaf      0   1001     6    0    15     1
      27 leaf      0   1001     6    0    15     1
      28 leaf      0   1001     5    0    13     1
      29 leaf      0   1001     5    0    13     1
      30 leaf      0   1001     6    0    15     1
      31 leaf      0   1001     6    0    15     1
      32 leaf      0   1002     6    3    21     1
      33 leaf      0   1002     5    2    17     1
      34 leaf      0   1002     6    0    15     1
      35 leaf      0   1002     5    2    17     1
      36 leaf      0   1002     5    0    13     1
      37 leaf      0   1002     6    0    15     1
      38 leaf      0   1002     5    1    15     1
      39 leaf      0   1002     6    3    21     1
      40 leaf      0   1002     5    0    13     1
      41 leaf      0   1002     6    0    15     1
      42 leaf      0   1002     5    0    13     1
      43 leaf      0   1002     6    0    15     1
      44 leaf      0   1002     5    0    13     1
      45 leaf      0   1002     6    0    15     1
      46 leaf      0   1002     5    1    15     1
      47 leaf      0   1002     6    3    21     1
      48 leaf      0   1003     6    0    15     1
      49 leaf      0   1003     5    0    13     1
      50 leaf      0   1003     5    0    13     1
      51 leaf      0   1003     6    0    15     1
      52 leaf      0   1003     5    0    13     1
      53 leaf      0   1003     6    0    15     1
      54 leaf      0   1003     5    1    15     1
      55 leaf      0   1003     6    4    23     1
      56 leaf      0   1003     6    0    15     1
      57 leaf      0   1003     5    0    13     1
      58 leaf      0   1003     6    0    15     1
      59 leaf      0   1003     5    3    19     1
      60 leaf      0   1003     6    0    15     1
      61 leaf      0   1003     5    3    19     1
      62 leaf      0   1003     6    2    19     1
      63 leaf      0   1003     6    4    23     1
    1000 router    1   2000    89    7   195     4
    1001 router    1   2000    97    8   213     4
    1002 router    1   2000    89   15   211     4
    1003 router    1   2000    90   17   217     4
    2000 root      2   None    (root)
